touch .gitignore
git config --global user.email "rutikkvaskar9@gmail.com"
git config --global user.name "Rvaskar"
git init
git add .
git commit -m "Initial Commit"
git status
ssh-keygen -t rsa -b 4096 -C "rutikkvaskar9@gmail.com"
tail <path  to id_rsa.pub> # add this to your github account
git remote add orign <ssh url.git>
git push origin master

step to uadate folder
git status #to known current status
git add .
git commit -m "message whatever you want"
git push origin master


my git uploading process


Dell@DESKTOP-68TV5O9 MINGW64 /e/projects/react project todo list/todos-list
$ cd "E:\projects\react project todo list\todos-list"

Dell@DESKTOP-68TV5O9 MINGW64 /e/projects/react project todo list/todos-list
$ git config --global user.email "rutikkvaskar9@gmail.com"

Dell@DESKTOP-68TV5O9 MINGW64 /e/projects/react project todo list/todos-list
$ git config --global user.nmae "Rvaskar"

Dell@DESKTOP-68TV5O9 MINGW64 /e/projects/react project todo list/todos-list
$ touch .gitignore

Dell@DESKTOP-68TV5O9 MINGW64 /e/projects/react project todo list/todos-list
$ git init
Initialized empty Git repository in E:/projects/react project todo list/todos-list/.git/

Dell@DESKTOP-68TV5O9 MINGW64 /e/projects/react project todo list/todos-list (master)
$ git add .
warning: LF will be replaced by CRLF in .gitignore.
The file will have its original line endings in your working directory
warning: LF will be replaced by CRLF in README.md.
The file will have its original line endings in your working directory
warning: LF will be replaced by CRLF in package-lock.json.
The file will have its original line endings in your working directory
warning: LF will be replaced by CRLF in package.json.
The file will have its original line endings in your working directory
warning: LF will be replaced by CRLF in public/index.html.
The file will have its original line endings in your working directory
warning: LF will be replaced by CRLF in public/manifest.json.
The file will have its original line endings in your working directory
warning: LF will be replaced by CRLF in public/robots.txt.
The file will have its original line endings in your working directory
warning: LF will be replaced by CRLF in src/App.css.
The file will have its original line endings in your working directory
warning: LF will be replaced by CRLF in src/App.js.
The file will have its original line endings in your working directory
warning: LF will be replaced by CRLF in src/App.test.js.
The file will have its original line endings in your working directory
warning: LF will be replaced by CRLF in src/index.css.
The file will have its original line endings in your working directory
warning: LF will be replaced by CRLF in src/index.js.
The file will have its original line endings in your working directory
warning: LF will be replaced by CRLF in src/reportWebVitals.js.
The file will have its original line endings in your working directory
warning: LF will be replaced by CRLF in src/setupTests.js.
The file will have its original line endings in your working directory

Dell@DESKTOP-68TV5O9 MINGW64 /e/projects/react project todo list/todos-list (master)
$ git commit -m "Initial commit"
[master (root-commit) 9c8e822] Initial commit
 23 files changed, 30035 insertions(+)
 create mode 100644 .gitignore
 create mode 100644 README.md
 create mode 100644 package-lock.json
 create mode 100644 package.json
 create mode 100644 public/favicon.ico
 create mode 100644 public/index.html
 create mode 100644 public/logo192.png
 create mode 100644 public/logo512.png
 create mode 100644 public/manifest.json
 create mode 100644 public/robots.txt
 create mode 100644 src/App.css
 create mode 100644 src/App.js
 create mode 100644 src/App.test.js
 create mode 100644 src/Componants/AddTodo.js
 create mode 100644 src/Componants/Footer.js
 create mode 100644 src/Componants/Header.js
 create mode 100644 src/Componants/TodoItem.js
 create mode 100644 src/Componants/Todos.js
 create mode 100644 src/index.css
 create mode 100644 src/index.js
 create mode 100644 src/logo.svg
 create mode 100644 src/reportWebVitals.js
 create mode 100644 src/setupTests.js

Dell@DESKTOP-68TV5O9 MINGW64 /e/projects/react project todo list/todos-list (master)
$ git status
On branch master
nothing to commit, working tree clean

Dell@DESKTOP-68TV5O9 MINGW64 /e/projects/react project todo list/todos-list (master)
$ git remote add origin git@github.com:Rvaskar/React-project-Todo-list.git

Dell@DESKTOP-68TV5O9 MINGW64 /e/projects/react project todo list/todos-list (master)
$ git push origin master
The authenticity of host 'github.com (20.207.73.82)' can't be established.
ED25519 key fingerprint is SHA256:+DiY3wvvV6TuJJhbpZisF/zLDA0zPMSvHdkr4UvCOqU.
This key is not known by any other names
Are you sure you want to continue connecting (yes/no/[fingerprint])? y
Please type 'yes', 'no' or the fingerprint: 2001
Please type 'yes', 'no' or the fingerprint: n
Please type 'yes', 'no' or the fingerprint: no
Host key verification failed.
fatal: Could not read from remote repository.

Please make sure you have the correct access rights
and the repository exists.

Dell@DESKTOP-68TV5O9 MINGW64 /e/projects/react project todo list/todos-list (master)
$ $ ssh-keygen -t ed25519 -C "rutikkvaskar9@gmail.com"
bash: $: command not found

Dell@DESKTOP-68TV5O9 MINGW64 /e/projects/react project todo list/todos-list (master)
$ $ cd "E:\projects\react project todo list\todos-list"


Dell@DESKTOP-68TV5O9 MINGW64 /e/projects/react project todo list/todos-list
$ git config --global user.email "rutikkvaskar9@gmail.com"

Dell@DESKTOP-68TV5O9 MINGW64 /e/projects/react project todo list/todos-list
$ git config --global user.nmae "Rvaskar"

Dell@DESKTOP-68TV5O9 MINGW64 /e/projects/react project todo list/todos-list
$ touch .gitignore

Dell@DESKTOP-68TV5O9 MINGW64 /e/projects/react project todo list/todos-list
$ git init
Initialized empty Git repository in E:/projects/react project todo list/todos-list/.git/

Dell@DESKTOP-68TV5O9 MINGW64 /e/projects/react project todo list/todos-list (master)
$ git add .
warning: LF will be replaced by CRLF in .gitignore.
The file will have its original line endings in your working directory
warning: LF will be replaced by CRLF in README.md.
The file will have its original line endings in your working directory
warning: LF will be replaced by CRLF in package-lock.json.
The file will have its original line endings in your working directory
warning: LF will be replaced by CRLF in package.json.
The file will have its original line endings in your working directory
warning: LF will be replaced by CRLF in public/index.html.
The file will have its original line endings in your working directory
warning: LF will be replaced by CRLF in public/manifest.json.
The file will have its original line endings in your working directory
warning: LF will be replaced by CRLF in public/robots.txt.
The file will have its original line endings in your working directory
warning: LF will be replaced by CRLF in src/App.css.
The file will have its original line endings in your working directory
warning: LF will be replaced by CRLF in src/App.js.
The file will have its original line endings in your working directory
warning: LF will be replaced by CRLF in src/App.test.js.
The file will have its original line endings in your working directory
warning: LF will be replaced by CRLF in src/index.css.
The file will have its original line endings in your working directory
warning: LF will be replaced by CRLF in src/index.js.
The file will have its original line endings in your working directory
warning: LF will be replaced by CRLF in src/reportWebVitals.js.
The file will have its original line endings in your working directory
warning: LF will be replaced by CRLF in src/setupTests.js.
The file will have its original line endings in your working directory

Dell@DESKTOP-68TV5O9 MINGW64 /e/projects/react project todo list/todos-list (master)
$ git commit -m "Initial commit"
[master (root-commit) 9c8e822] Initial commit
 23 files changed, 30035 insertions(+)
 create mode 100644 .gitignore
 create mode 100644 README.md
 create mode 100644 package-lock.json
 create mode 100644 package.json
 create mode 100644 public/favicon.ico
 create mode 100644 public/index.html
 create mode 100644 public/logo192.png
 create mode 100644 public/logo512.png
 create mode 100644 public/manifest.json
 create mode 100644 public/robots.txt
 create mode 100644 src/App.css
 create mode 100644 src/App.js
 create mode 100644 src/App.test.js
 create mode 100644 src/Componants/AddTodo.js
 create mode 100644 src/Componants/Footer.js
 create mode 100644 src/Componants/Header.js
 create mode 100644 src/Componants/TodoItem.js
 create mode 100644 src/Componants/Todos.js
 create mode 100644 src/index.css
 create mode 100644 src/index.js
 create mode 100644 src/logo.svg
 create mode 100644 src/reportWebVitals.js
 create mode 100644 src/setupTests.js

Dell@DESKTOP-68TV5O9 MINGW64 /e/projects/react project todo list/todos-list (master)
$ git status
On branch master
nothing to commit, working tree clean

Dell@DESKTOP-68TV5O9 MINGW64 /e/projects/react project todo list/todos-list (master)
$ git remote add origin git@github.com:Rvaskar/React-project-Todo-list.git

Dell@DESKTOP-68TV5O9 MINGW64 /e/projects/react project todo list/todos-list (master)
$ git push origin master
The authenticity of host 'github.com (20.207.73.82)' can't be established.
ED25519 key fingerprint is SHA256:+DiY3wvvV6TuJJhbpZisF/zLDA0zPMSvHdkr4UvCOqU.
This key is not known by any other names
Are you sure you want to continue connecting (yes/no/[fingerprint])? y
Please type 'yes', 'no' or the fingerprint: 2001
Please type 'yes', 'no' or the fingerprint: n
Please type 'yes', 'no' or the fingerprint: no
Host key verification failed.
fatal: Could not read from remote repository.

Please make sure you have the correct access rights
and the repository exists.

Dell@DESKTOP-68TV5O9 MINGW64 /e/projects/react project todo list/todos-list (master)
$ $ ssh-keygen -t ed25519 -C "rutikkvaskar9@gmail.com"
bash: $: command not found

Dell@DESKTOP-68TV5O9 MINGW64 /e/projects/react project todo list/todos-list (master)
$



Dell@DESKTOP-68TV5O9 MINGW64 /e/projects/react project todo list/todos-list (master)
$ ssh-keygen -t rsa -b 4096 -C "rutikkvaskar9@gmail.com"
Generating public/private rsa key pair.
Enter file in which to save the key (/c/Users/Dell/.ssh/id_rsa):
Created directory '/c/Users/Dell/.ssh'.
Enter passphrase (empty for no passphrase):
Enter same passphrase again:
Your identification has been saved in /c/Users/Dell/.ssh/id_rsa
Your public key has been saved in /c/Users/Dell/.ssh/id_rsa.pub
The key fingerprint is:
SHA256:71nqU9hIZNZvFK6XMgMEk2VukP72bxSM4MDBsCvSpYE rutikkvaskar9@gmail.com
The key's randomart image is:
+---[RSA 4096]----+
|      .+=*+.  .. |
|   .   .**= ...  |
|  E . o. *+. =.  |
|   . + ...o...=. |
|  . + . So +=.o. |
|   . .   .= o=.  |
|         ..o..   |
|         ..+. .  |
|         .=. o.  |
+----[SHA256]-----+

Dell@DESKTOP-68TV5O9 MINGW64 /e/projects/react project todo list/todos-list (master)
$ cat /c/Users/Dell/.ssh/id_rsa.pub
ssh-rsa AAAAB3NzaC1yc2EAAAADAQABAAACAQCqATq8N5CSDpE4n7zY3qJxppOtp6ezj2QiSQrcHBZZdU7LtPSVLcPU3tA6RZhvTkqwegDP8t4wirs5JZQN/G+Kr7kIb+kv5ADx2eyQTgBWy6KqqLRRCoy6EEh7xD1Iq/imUtF2oMCHYIQGoO0lxaKsF0RYeqAYcOLF3pkqTl+b3MeZrI9cbcs+GevwtBhkMRYJFeD4bhzjbAtGBtHP1FvLMwOOcOUyHKm5kQ/4VsXgSI1dfx2qJLNwpElpeyU4daSPqijdnzXND+xH0N2hh26uzNq+7plSCF3j/cPO99j7Ttu+TK7F5U3g6ihoSa519n8ocRQu+XoF/VVgcVAAw/4KnFjlO8ec/xXFIbMnj84C04dz4BgUwVzm1/k9VQ4/t0ocxZHGgRA4aP6MUVykqgY7pDKHhZEAWPe9k6ODlgraONix/3VswGwn5jqoduhIWc5gGlpxW0vQXOjyAAZFBVp8muuDMrgS7kwNNAQis84VsByxrnbUEURTMQDDjC4bfjrh4WhAS4ff992EuV3yXAjkUsa+w7MrlefgTTQiQOarWtH87ZbkqT1OzNAxVtNNtHjrYNvHwpx53f0nlF6rmIHX45K0vWtah3DgKXToB+ejr27pQ7k6/Npw9USTgW0fGabcIM5Kz8aWV+XEG9Zzj2bLXVmomr6iz/HrDhyAMdnEoQ== rutikkvaskar9@gmail.com

Dell@DESKTOP-68TV5O9 MINGW64 /e/projects/react project todo list/todos-list (master)
$ git push origin master
The authenticity of host 'github.com (20.207.73.82)' can't be established.
ED25519 key fingerprint is SHA256:+DiY3wvvV6TuJJhbpZisF/zLDA0zPMSvHdkr4UvCOqU.
This key is not known by any other names
Are you sure you want to continue connecting (yes/no/[fingerprint])? no
Host key verification failed.
fatal: Could not read from remote repository.

Please make sure you have the correct access rights
and the repository exists.

Dell@DESKTOP-68TV5O9 MINGW64 /e/projects/react project todo list/todos-list (master)
$ git push origin master
The authenticity of host 'github.com (20.207.73.82)' can't be established.
ED25519 key fingerprint is SHA256:+DiY3wvvV6TuJJhbpZisF/zLDA0zPMSvHdkr4UvCOqU.
This key is not known by any other names
Are you sure you want to continue connecting (yes/no/[fingerprint])? yes
Warning: Permanently added 'github.com' (ED25519) to the list of known hosts.
Enumerating objects: 28, done.
Counting objects: 100% (28/28), done.
Delta compression using up to 4 threads
Compressing objects: 100% (28/28), done.
Writing objects: 100% (28/28), 312.87 KiB | 1.07 MiB/s, done.
Total 28 (delta 0), reused 0 (delta 0), pack-reused 0
To github.com:Rvaskar/React-project-Todo-list.git
 * [new branch]      master -> master

Dell@DESKTOP-68TV5O9 MINGW64 /e/projects/react project todo list/todos-list (master)
$ git status
On branch master
Untracked files:
  (use "git add <file>..." to include in what will be committed)
        step to upload on git.txt

nothing added to commit but untracked files present (use "git add" to track)

Dell@DESKTOP-68TV5O9 MINGW64 /e/projects/react project todo list/todos-list (master)
$ git add .

Dell@DESKTOP-68TV5O9 MINGW64 /e/projects/react project todo list/todos-list (master)
$ git commit -m
error: switch `m' requires a value

Dell@DESKTOP-68TV5O9 MINGW64 /e/projects/react project todo list/todos-list (master)
$ git commit -m "Added step to upload on git"
[master 498a464] Added step to upload on git
 1 file changed, 11 insertions(+)
 create mode 100644 step to upload on git.txt

Dell@DESKTOP-68TV5O9 MINGW64 /e/projects/react project todo list/todos-list (master)
$ git push origin master
Enumerating objects: 4, done.
Counting objects: 100% (4/4), done.
Delta compression using up to 4 threads
Compressing objects: 100% (3/3), done.
Writing objects: 100% (3/3), 508 bytes | 508.00 KiB/s, done.
Total 3 (delta 1), reused 0 (delta 0), pack-reused 0
remote: Resolving deltas: 100% (1/1), completed with 1 local object.
To github.com:Rvaskar/React-project-Todo-list.git
   9c8e822..498a464  master -> master

Dell@DESKTOP-68TV5O9 MINGW64 /e/projects/react project todo list/todos-list (master)
$ git status
On branch master
Changes not staged for commit:
  (use "git add <file>..." to update what will be committed)
  (use "git restore <file>..." to discard changes in working directory)
        modified:   step to upload on git.txt

no changes added to commit (use "git add" and/or "git commit -a")

Dell@DESKTOP-68TV5O9 MINGW64 /e/projects/react project todo list/todos-list (master)
$ git add .

Dell@DESKTOP-68TV5O9 MINGW64 /e/projects/react project todo list/todos-list (master)
$ git commit -m "update file"
[master b20f652] update file
 1 file changed, 7 insertions(+), 1 deletion(-)

Dell@DESKTOP-68TV5O9 MINGW64 /e/projects/react project todo list/todos-list (master)
$ git push origin master
Enumerating objects: 5, done.
Counting objects: 100% (5/5), done.
Delta compression using up to 4 threads
Compressing objects: 100% (3/3), done.
Writing objects: 100% (3/3), 385 bytes | 385.00 KiB/s, done.
Total 3 (delta 2), reused 0 (delta 0), pack-reused 0
remote: Resolving deltas: 100% (2/2), completed with 2 local objects.
To github.com:Rvaskar/React-project-Todo-list.git
   498a464..b20f652  master -> master

Dell@DESKTOP-68TV5O9 MINGW64 /e/projects/react project todo list/todos-list (master)
$

